K_3 graph percolation curve, no provided edge sequence:
( 2 3 3 )
C_4 graph with edge sequence 0, 2
( 2 2 4 4 )
K_5 graph percolation curve, no provided vertex sequence:
( 1 2 3 4 5 )
C_4 graph with vertex sequence 0, 2
( 1 1 3 4 )
